MoS2_zscan_e-0.010_d-0.040 {"E": -2415.1237243584605, "conv": true, "t": 176.86912322044373}
MoS2_zscan_e-0.010_d+0.040 {"E": -2415.1424528183657, "conv": true, "t": 175.51427483558655}
MoS2_zscan_e+0.000_d-0.040 {"E": -2415.143325931614, "conv": true, "t": 170.6700882911682}
MoS2_zscan_e+0.000_d+0.040 {"E": -2415.143337409148, "conv": true, "t": 171.9604275226593}
MoS2_zscan_e+0.010_d-0.040 {"E": -2415.1414525772157, "conv": true, "t": 167.51471066474915}
MoS2_zscan_e+0.010_d+0.040 {"E": -2415.124322993816, "conv": true, "t": 171.12463235855103}
WS2_zscan_e-0.010_d-0.040 {"E": -2415.357042676105, "conv": true, "t": 149.10857152938843}
WS2_zscan_e-0.010_d+0.040 {"E": -2415.3778932810756, "conv": true, "t": 147.32256412506104}
WS2_zscan_e+0.000_d-0.040 {"E": -2415.377527608348, "conv": true, "t": 148.91559386253357}
WS2_zscan_e+0.000_d+0.040 {"E": -2415.377602006881, "conv": true, "t": 147.8372299671173}
WS2_zscan_e+0.010_d-0.040 {"E": -2415.3745901459242, "conv": true, "t": 148.99655199050903}
WS2_zscan_e+0.010_d+0.040 {"E": -2415.3554578072676, "conv": true, "t": 145.73729395866394}
MoSe2_zscan_e-0.010_d-0.040 {"E": -2371.9517391228733, "conv": true, "t": 188.64090752601624}
MoSe2_zscan_e-0.010_d+0.040 {"E": -2371.970232512259, "conv": true, "t": 187.0680067539215}
MoSe2_zscan_e+0.000_d-0.040 {"E": -2371.9744776014686, "conv": true, "t": 186.16163778305054}
MoSe2_zscan_e+0.000_d+0.040 {"E": -2371.974487521613, "conv": true, "t": 187.6543996334076}
MoSe2_zscan_e+0.010_d-0.040 {"E": -2371.9772309445893, "conv": true, "t": 216.76574730873108}
MoSe2_zscan_e+0.010_d+0.040 {"E": -2371.9601688460034, "conv": true, "t": 214.55315399169922}
WSe2_zscan_e-0.010_d-0.040 {"E": -2371.9324778542814, "conv": true, "t": 163.1461477279663}
WSe2_zscan_e-0.010_d+0.040 {"E": -2371.9531860528045, "conv": true, "t": 162.96789932250977}
WSe2_zscan_e+0.000_d-0.040 {"E": -2371.9560189271647, "conv": true, "t": 161.17993068695068}
WSe2_zscan_e+0.000_d+0.040 {"E": -2371.956021940073, "conv": true, "t": 158.69511675834656}
WSe2_zscan_e+0.010_d-0.040 {"E": -2371.957711843653, "conv": true, "t": 188.10542583465576}
WSe2_zscan_e+0.010_d+0.040 {"E": -2371.93839500423, "conv": true, "t": 189.59128522872925}
STAGE D DONE
ALL DFT DONE
