MoS2_A1m_e-0.010 {"E": -2415.102710030407, "conv": true, "t": 166.18604731559753}
MoS2_E1m_e-0.010 {"E": -2415.0909903688, "conv": true, "t": 171.4921100139618}
MoS2_A1m_e+0.000 {"E": -2415.1251159089693, "conv": true, "t": 164.21166229248047}
MoS2_E1m_e+0.000 {"E": -2415.103301576757, "conv": true, "t": 163.4987087249756}
MoS2_A1m_e+0.010 {"E": -2415.125826064829, "conv": true, "t": 161.50666546821594}
MoS2_E1m_e+0.010 {"E": -2415.094980126442, "conv": true, "t": 167.44524097442627}
WS2_A1m_e-0.010 {"E": -2415.3345935143893, "conv": true, "t": 147.8029727935791}
WS2_E1m_e-0.010 {"E": -2415.350513051936, "conv": true, "t": 148.4425482749939}
WS2_A1m_e+0.000 {"E": -2415.3581868186193, "conv": true, "t": 149.16376113891602}
WS2_E1m_e+0.000 {"E": -2415.3617689233406, "conv": true, "t": 148.97503280639648}
WS2_A1m_e+0.010 {"E": -2415.358133587776, "conv": true, "t": 147.1264772415161}
WS2_E1m_e+0.010 {"E": -2415.3504363020356, "conv": true, "t": 148.70317387580872}
MoSe2_A1m_e-0.010 {"E": -2371.9336386002615, "conv": true, "t": 187.44535112380981}
MoSe2_E1m_e-0.010 {"E": -2371.8302815947363, "conv": true, "t": 186.1529757976532}
MoSe2_A1m_e+0.000 {"E": -2371.9590990156685, "conv": true, "t": 183.36332368850708}
MoSe2_E1m_e+0.000 {"E": -2371.8484641061877, "conv": true, "t": 184.89905381202698}
MoSe2_A1m_e+0.010 {"E": -2371.964375936828, "conv": true, "t": 217.67264461517334}
MoSe2_E1m_e+0.010 {"E": -2371.8487230561586, "conv": true, "t": 215.1723575592041}
WSe2_A1m_e-0.010 {"E": -2371.913023533757, "conv": true, "t": 151.94188952445984}
WSe2_E1m_e-0.010 {"E": -2371.888962331276, "conv": true, "t": 165.5106303691864}
WSe2_A1m_e+0.000 {"E": -2371.939603388422, "conv": true, "t": 149.98036432266235}
WSe2_E1m_e+0.000 {"E": -2371.9041686255914, "conv": true, "t": 161.9255084991455}
WSe2_A1m_e+0.010 {"E": -2371.944137802118, "conv": true, "t": 188.91028761863708}
WSe2_E1m_e+0.010 {"E": -2371.899475793004, "conv": true, "t": 191.22840690612793}
MoS2_A1_u0.025 {"E": -2415.161815552109, "conv": true, "t": 169.54468727111816}
MoS2_A1m_u0.025 {"E": -2415.1626219822147, "conv": true, "t": 172.16898393630981}
MoS2_A1_u0.075 {"E": -2415.0703107474224, "conv": true, "t": 187.10387563705444}
MoS2_A1m_u0.075 {"E": -2415.0600250472407, "conv": true, "t": 171.11784029006958}
STAGE B2 DONE
