MoS2_z-0.040 {"E": -2415.1399075681074, "conv": true, "t": 170.91973066329956, "natom": 3, "mesh": [23, 23, 101]}
MoS2_z+0.000 {"E": -2415.1742866218005, "conv": true, "t": 167.70905089378357, "natom": 3, "mesh": [23, 23, 101]}
MoS2_z+0.040 {"E": -2415.146365316481, "conv": true, "t": 167.5114164352417, "natom": 3, "mesh": [23, 23, 101]}
ZOPT MoS2 1.566073101496002
WS2_z-0.040 {"E": -2415.3838772111517, "conv": true, "t": 145.25333881378174, "natom": 3, "mesh": [23, 23, 101]}
WS2_z+0.000 {"E": -2415.4100568953136, "conv": true, "t": 144.0975625514984, "natom": 3, "mesh": [23, 23, 101]}
WS2_z+0.040 {"E": -2415.3710659511435, "conv": true, "t": 140.94512391090393, "natom": 3, "mesh": [23, 23, 101]}
ZOPT WS2 1.567068394509508
MoSe2_z-0.040 {"E": -2371.9719828321377, "conv": true, "t": 181.14494252204895, "natom": 3, "mesh": [23, 23, 101]}
MoSe2_z+0.000 {"E": -2372.0006598881446, "conv": true, "t": 180.87830901145935, "natom": 3, "mesh": [23, 23, 101]}
MoSe2_z+0.040 {"E": -2371.9767128390786, "conv": true, "t": 181.19285082817078, "natom": 3, "mesh": [23, 23, 101]}
ZOPT MoSe2 1.6767976579115726
WSe2_z-0.040 {"E": -2371.9572952490144, "conv": true, "t": 155.8767831325531, "natom": 3, "mesh": [23, 23, 101]}
WSe2_z+0.000 {"E": -2371.9839768248826, "conv": true, "t": 155.65759992599487, "natom": 3, "mesh": [23, 23, 101]}
WSe2_z+0.040 {"E": -2371.9548020774355, "conv": true, "t": 156.44943404197693, "natom": 3, "mesh": [23, 23, 101]}
ZOPT WSe2 1.6791072911960263
MoS2_e-0.020 {"E": -2415.1332482202274, "conv": true, "t": 171.824933052063, "natom": 3, "mesh": [23, 23, 101]}
MoS2_e-0.010 {"E": -2415.1648725468463, "conv": true, "t": 167.89005780220032, "natom": 3, "mesh": [23, 23, 101]}
MoS2_e+0.000 {"E": -2415.1743150219136, "conv": true, "t": 166.16843342781067, "natom": 3, "mesh": [23, 23, 101]}
MoS2_e+0.010 {"E": -2415.1631104695493, "conv": true, "t": 167.05844569206238, "natom": 3, "mesh": [23, 23, 101]}
MoS2_e+0.020 {"E": -2415.1326976326686, "conv": true, "t": 163.30376195907593, "natom": 3, "mesh": [23, 23, 101]}
WS2_e-0.020 {"E": -2415.367730928353, "conv": true, "t": 146.48572421073914, "natom": 3, "mesh": [23, 23, 101]}
WS2_e-0.010 {"E": -2415.401264144259, "conv": true, "t": 148.32196927070618, "natom": 3, "mesh": [23, 23, 101]}
WS2_e+0.000 {"E": -2415.4104797955088, "conv": true, "t": 145.68830490112305, "natom": 3, "mesh": [23, 23, 101]}
WS2_e+0.010 {"E": -2415.39710440251, "conv": true, "t": 150.00187468528748, "natom": 3, "mesh": [23, 23, 101]}
WS2_e+0.020 {"E": -2415.362743270666, "conv": true, "t": 146.06642818450928, "natom": 3, "mesh": [23, 23, 101]}
MoSe2_e-0.020 {"E": -2371.9553665382996, "conv": true, "t": 188.4416961669922, "natom": 3, "mesh": [23, 23, 101]}
MoSe2_e-0.010 {"E": -2371.9878762384305, "conv": true, "t": 183.42038583755493, "natom": 3, "mesh": [23, 23, 101]}
MoSe2_e+0.000 {"E": -2372.000672700282, "conv": true, "t": 186.37778663635254, "natom": 3, "mesh": [23, 23, 101]}
MoSe2_e+0.010 {"E": -2371.994210693144, "conv": true, "t": 216.86845088005066, "natom": 3, "mesh": [25, 25, 101]}
MoSe2_e+0.020 {"E": -2371.971699807225, "conv": true, "t": 219.47561502456665, "natom": 3, "mesh": [25, 25, 101]}
WSe2_e-0.020 {"E": -2371.9377673569284, "conv": true, "t": 157.12563729286194, "natom": 3, "mesh": [23, 23, 101]}
WSe2_e-0.010 {"E": -2371.971590222769, "conv": true, "t": 158.48029613494873, "natom": 3, "mesh": [23, 23, 101]}
WSe2_e+0.000 {"E": -2371.984011731435, "conv": true, "t": 157.0849165916443, "natom": 3, "mesh": [23, 23, 101]}
WSe2_e+0.010 {"E": -2371.9752970872532, "conv": true, "t": 181.56230425834656, "natom": 3, "mesh": [25, 25, 101]}
WSe2_e+0.020 {"E": -2371.949272002858, "conv": true, "t": 180.43734192848206, "natom": 3, "mesh": [25, 25, 101]}
MoS2_A1_e-0.010 {"E": -2415.1276687269838, "conv": true, "t": 171.2576470375061, "natom": 3, "mesh": [23, 23, 101]}
MoS2_E1_e-0.010 {"E": -2415.090990373559, "conv": true, "t": 171.1469988822937, "natom": 3, "mesh": [23, 23, 101]}
MoS2_A1_e+0.000 {"E": -2415.1266443161426, "conv": true, "t": 169.3441505432129, "natom": 3, "mesh": [23, 23, 101]}
MoS2_E1_e+0.000 {"E": -2415.103301579546, "conv": true, "t": 170.73111414909363, "natom": 3, "mesh": [23, 23, 101]}
MoS2_A1_e+0.010 {"E": -2415.1058972556643, "conv": true, "t": 167.6128158569336, "natom": 3, "mesh": [23, 23, 101]}
MoS2_E1_e+0.010 {"E": -2415.0949801248516, "conv": true, "t": 172.8284432888031, "natom": 3, "mesh": [23, 23, 101]}
WS2_A1_e-0.010 {"E": -2415.36228134896, "conv": true, "t": 152.7450098991394, "natom": 3, "mesh": [23, 23, 101]}
WS2_E1_e-0.010 {"E": -2415.3505132659852, "conv": true, "t": 147.43296265602112, "natom": 3, "mesh": [23, 23, 101]}
WS2_A1_e+0.000 {"E": -2415.3598677567907, "conv": true, "t": 143.20389008522034, "natom": 3, "mesh": [23, 23, 101]}
WS2_E1_e+0.000 {"E": -2415.361769172991, "conv": true, "t": 143.7871868610382, "natom": 3, "mesh": [23, 23, 101]}
WS2_A1_e+0.010 {"E": -2415.3357732443733, "conv": true, "t": 148.59422492980957, "natom": 3, "mesh": [23, 23, 101]}
WS2_E1_e+0.010 {"E": -2415.3504365891886, "conv": true, "t": 140.63772463798523, "natom": 3, "mesh": [23, 23, 101]}
MoSe2_A1_e-0.010 {"E": -2371.958076281378, "conv": true, "t": 182.8961341381073, "natom": 3, "mesh": [23, 23, 101]}
MoSe2_E1_e-0.010 {"E": -2371.8302815964926, "conv": true, "t": 184.77676677703857, "natom": 3, "mesh": [23, 23, 101]}
MoSe2_A1_e+0.000 {"E": -2371.9603923409168, "conv": true, "t": 182.33147597312927, "natom": 3, "mesh": [23, 23, 101]}
MoSe2_E1_e+0.000 {"E": -2371.8484641125574, "conv": true, "t": 180.78540873527527, "natom": 3, "mesh": [23, 23, 101]}
MoSe2_A1_e+0.010 {"E": -2371.9442927429677, "conv": true, "t": 217.18360710144043, "natom": 3, "mesh": [25, 25, 101]}
MoSe2_E1_e+0.010 {"E": -2371.8487230587098, "conv": true, "t": 213.2915244102478, "natom": 3, "mesh": [25, 25, 101]}
WSe2_A1_e-0.010 {"E": -2371.9402856261963, "conv": true, "t": 156.40157628059387, "natom": 3, "mesh": [23, 23, 101]}
WSe2_E1_e-0.010 {"E": -2371.8889628365823, "conv": true, "t": 159.87256455421448, "natom": 3, "mesh": [23, 23, 101]}
WSe2_A1_e+0.000 {"E": -2371.9409420908983, "conv": true, "t": 158.2254228591919, "natom": 3, "mesh": [23, 23, 101]}
WSe2_E1_e+0.000 {"E": -2371.9041691858165, "conv": true, "t": 157.66702032089233, "natom": 3, "mesh": [23, 23, 101]}
WSe2_A1_e+0.010 {"E": -2371.921286529197, "conv": true, "t": 178.35667037963867, "natom": 3, "mesh": [25, 25, 101]}
WSe2_E1_e+0.010 {"E": -2371.8994756216816, "conv": true, "t": 182.92490458488464, "natom": 3, "mesh": [25, 25, 101]}
STAGE A+B DONE
